- Building TS...

✔ Building TS
ERROR: outDir 'artifacts' not exists
